mayapy.exe : C:\Program Files\Autodesk\Maya2025\bin\mayapy.exe: can't open file 'o:\\Cloud\\Code\\_scripts\\mayatk\\test\\test_scene_exporter_root_transforms.py': [Errno 2] No such file or 
directory
At line:1 char:84
+ ... \pythontk"; & "C:\Program Files\Autodesk\Maya2025\bin\mayapy.exe" "o: ...
+                 ~~~~~~~~~~~~~~~~~~~~~~~~~~~~~~~~~~~~~~~~~~~~~~~~~~~~~~~~~
    + CategoryInfo          : NotSpecified: (C:\Program File...le or directory:String) [], RemoteException
    + FullyQualifiedErrorId : NativeCommandError
 
